------------------------------------------------------------
TimeQuest Timing Analyzer Summary
------------------------------------------------------------

Type  : Slow 1200mV 85C Model Setup 'clk'
Slack : -3.804
TNS   : -71.116

Type  : Slow 1200mV 85C Model Setup 'clockDivider:clockDivide|CLK_50HZ'
Slack : -0.596
TNS   : -1.791

Type  : Slow 1200mV 85C Model Hold 'clockDivider:clockDivide|CLK_50HZ'
Slack : 0.405
TNS   : 0.000

Type  : Slow 1200mV 85C Model Hold 'clk'
Slack : 0.441
TNS   : 0.000

Type  : Slow 1200mV 85C Model Minimum Pulse Width 'clk'
Slack : -3.000
TNS   : -36.410

Type  : Slow 1200mV 85C Model Minimum Pulse Width 'clockDivider:clockDivide|CLK_50HZ'
Slack : -1.285
TNS   : -32.125

Type  : Slow 1200mV 0C Model Setup 'clk'
Slack : -3.455
TNS   : -63.265

Type  : Slow 1200mV 0C Model Setup 'clockDivider:clockDivide|CLK_50HZ'
Slack : -0.440
TNS   : -0.891

Type  : Slow 1200mV 0C Model Hold 'clockDivider:clockDivide|CLK_50HZ'
Slack : 0.356
TNS   : 0.000

Type  : Slow 1200mV 0C Model Hold 'clk'
Slack : 0.399
TNS   : 0.000

Type  : Slow 1200mV 0C Model Minimum Pulse Width 'clk'
Slack : -3.000
TNS   : -36.410

Type  : Slow 1200mV 0C Model Minimum Pulse Width 'clockDivider:clockDivide|CLK_50HZ'
Slack : -1.285
TNS   : -32.125

Type  : Fast 1200mV 0C Model Setup 'clk'
Slack : -1.409
TNS   : -19.877

Type  : Fast 1200mV 0C Model Setup 'clockDivider:clockDivide|CLK_50HZ'
Slack : 0.227
TNS   : 0.000

Type  : Fast 1200mV 0C Model Hold 'clockDivider:clockDivide|CLK_50HZ'
Slack : 0.183
TNS   : 0.000

Type  : Fast 1200mV 0C Model Hold 'clk'
Slack : 0.198
TNS   : 0.000

Type  : Fast 1200mV 0C Model Minimum Pulse Width 'clk'
Slack : -3.000
TNS   : -30.598

Type  : Fast 1200mV 0C Model Minimum Pulse Width 'clockDivider:clockDivide|CLK_50HZ'
Slack : -1.000
TNS   : -25.000

------------------------------------------------------------
